// Jest Snapshot v1, https://goo.gl/fbAQLP

exports[`Components Header should render Header 1`] = `
.c4 {
  display: inline-block;
  font-size: 1.6rem;
  border-radius: 1rem;
  line-height: 1.15em;
  padding: 1.2rem 2rem;
  font-size: 1.3rem;
  padding: 0.8rem 1.6rem;
  color: #4B53B6;
  background: #FFFFFF;
  border: solid 1px #4B53B6;
}

.c4:active {
  box-shadow: inset 0 0.2rem 0.2rem 0 rgba(0,0,0,0.1);
}

.c2 {
  padding-right: 1.6rem;
}

.c12 {
  width: 29px;
  height: 26px;
  margin: auto;
}

.c0 {
  display: -webkit-box;
  display: -webkit-flex;
  display: -ms-flexbox;
  display: flex;
  -webkit-box-pack: justify;
  -webkit-justify-content: space-between;
  -ms-flex-pack: justify;
  justify-content: space-between;
  -webkit-flex-flow: row nowrap;
  -ms-flex-flow: row nowrap;
  flex-flow: row nowrap;
  width: 90%;
  padding: 1.6rem;
}

.c1 {
  text-align: left;
}

.c5 {
  -webkit-flex: 0 0 55%;
  -ms-flex: 0 0 55%;
  flex: 0 0 55%;
}

.c6 {
  border-radius: 1rem;
  box-shadow: 0 3px 3px 0 rgba(0,0,0,0.05),0 0 0 1px rgba(0,0,0,0.04);
  padding: 1.2rem;
  display: -webkit-box;
  display: -webkit-flex;
  display: -ms-flexbox;
  display: flex;
  -webkit-flex-flow: row nowrap;
  -ms-flex-flow: row nowrap;
  flex-flow: row nowrap;
  text-align: center;
  -webkit-align-items: center;
  -webkit-box-align: center;
  -ms-flex-align: center;
  align-items: center;
}

.c7 {
  display: -webkit-box;
  display: -webkit-flex;
  display: -ms-flexbox;
  display: flex;
  -webkit-flex-flow: row wrap;
  -ms-flex-flow: row wrap;
  flex-flow: row wrap;
}

.c3 {
  padding-top: 0.8rem;
  text-align: center;
}

.c8 {
  font-size: 1.8rem;
  font-weight: 900;
  -webkit-flex: 0 0 50%;
  -ms-flex: 0 0 50%;
  flex: 0 0 50%;
  padding-right: 1.2rem;
  border-right: solid 1px #F5F5F5;
}

.c9 {
  font-size: 1.8rem;
  font-weight: 900;
  -webkit-flex: 0 0 50%;
  -ms-flex: 0 0 50%;
  flex: 0 0 50%;
  padding-left: 1.2rem;
}

.c10 {
  -webkit-flex: 0 0 100%;
  -ms-flex: 0 0 100%;
  flex: 0 0 100%;
  padding: 0.8rem;
  padding-bottom: 0;
}

.c11 {
  -webkit-flex: 1;
  -ms-flex: 1;
  flex: 1;
  padding: 0.8rem;
}

.c13 {
  margin-top: 0.4rem;
}

@media (max-width:420px) {
  .c12 {
    width: 20px;
    height: 18px;
  }
}

@media (min-width:768px) {
  .c0 {
    width: 100%;
  }
}

@media (max-width:550px) {
  .c0 {
    padding: 1.2rem;
    font-size: 1.2rem;
  }
}

@media (max-width:550px) {
  .c6 {
    padding: 0.8rem;
  }
}

@media (min-width:768px) {
  .c7 {
    border-right: solid 1px #F5F5F5;
  }
}

@media (max-width:550px) {
  .c3 > a {
    padding: 0.8rem 0.8rem;
    font-size: 1.2rem;
  }
}

@media (max-width:550px) {
  .c8 {
    font-size: 1.3rem;
    padding-right: 0.8rem;
  }
}

@media (max-width:320px) {
  .c8 {
    width: 90%;
    margin: auto;
    -webkit-flex: none;
    -ms-flex: none;
    flex: none;
    padding: 0 0;
    border: none;
  }
}

@media (max-width:550px) {
  .c9 {
    font-size: 1.3rem;
    padding-left: 0.8rem;
  }
}

@media (max-width:320px) {
  .c9 {
    width: 90%;
    margin: auto;
    -webkit-flex: none;
    -ms-flex: none;
    flex: none;
    padding: 0 0;
  }
}

@media (max-width:768px) {
  .c11 {
    display: none;
  }
}

<header
  className="c0"
>
  <div
    className="c1"
  >
    <div
      className="c2"
    >
      <svg
        viewBox="0 0 103 37"
      >
        <title>
          logo
        </title>
        <g
          fill="#313131"
          fillRule="evenodd"
        >
          <path
            d="M15.441 10.115c-2.395 0-4.343 1.938-4.343 4.32 0 2.382 1.948 4.32 4.343 4.32s4.343-1.938 4.343-4.32c0-2.382-1.948-4.32-4.343-4.32m0 9.31c-2.766 0-5.016-2.239-5.016-4.99 0-2.751 2.25-4.99 5.016-4.99s5.016 2.239 5.016 4.99c0 2.751-2.25 4.99-5.016 4.99zM1.376 13.682c.76 0 1.377.612 1.377 1.368 0 .757-.617 1.37-1.377 1.37S0 15.806 0 15.05c0-.756.616-1.368 1.376-1.368zM31 15.05c0 .757-.616 1.37-1.376 1.37-.015 0-.029-.005-.044-.005a1.366 1.366 0 0 1 .044-2.734c.76 0 1.376.613 1.376 1.37zm-14.239 9.195c0 .757-.616 1.37-1.376 1.37-.76 0-1.376-.613-1.376-1.37 0-.755.616-1.368 1.376-1.368.76 0 1.376.613 1.376 1.368zm0 11.386c0 .756-.616 1.369-1.376 1.369-.76 0-1.376-.613-1.376-1.369s.616-1.369 1.376-1.369c.76 0 1.376.613 1.376 1.37zm-1.376-8.342c.11 0 .218-.006.324-.018v5.334a3.125 3.125 0 0 0-.674.004v-5.342c.116.013.232.022.35.022zM3.685 17.04l9.24 5.403c-.133.18-.248.373-.34.579l-9.42-5.51c.192-.137.366-.295.52-.472zm-.932.723l10.994 15.3a3.1 3.1 0 0 0-.527.419L2.098 18.005a3.04 3.04 0 0 0 .655-.24zm26.87-5.757c-.191 0-.378.02-.56.054C27.946 5.544 22.175.67 15.496.67 8.818.67 3.046 5.544 1.93 12.06a3.059 3.059 0 0 0-.554-.053c-.04 0-.08.005-.12.006C2.4 5.143 8.465 0 15.496 0c7.032 0 13.096 5.144 14.24 12.013-.037-.001-.074-.006-.112-.006zm-2.393 4.93c.144.18.308.344.492.49l-9.544 5.582a3.037 3.037 0 0 0-.342-.577l9.394-5.495zm.835.724c.197.116.405.213.624.282L17.533 33.467a3.082 3.082 0 0 0-.53-.414l11.062-15.392zM46.378 15.071h-2.034v7.986h2.052c2.127 0 2.978-.658 2.978-4.073 0-3.166-.796-3.913-2.996-3.913m.074 10.653h-5.234V12.386h5.197c4.401 0 6.232 2.01 6.232 6.616 0 4.82-2.09 6.722-6.195 6.722M61.025 19.233c-.037-1.583-.777-2.188-1.978-2.188-1.388 0-1.924.623-2.053 2.188h4.031zm-6.935.96c0-3.431 1.572-5.44 4.938-5.44 2.867 0 4.623 1.599 4.623 5.014 0 .41-.018.925-.073 1.297h-6.53c.15 1.797 1.056 2.473 2.978 2.473a8.507 8.507 0 0 0 2.997-.533l.314 2.222c-.943.41-2.238.694-3.661.694-3.866 0-5.586-1.956-5.586-5.726zM68.682 17.01v5.513c0 .836.444 1.192 1.332 1.192.296 0 .685-.054.887-.125l.167 2.01c-.388.16-1.128.302-1.923.302-2.238 0-3.33-1.245-3.33-3.29V17.01h-1.257v-2.063h1.387l.481-2.437 2.256-.196v2.633h2.497v2.063h-2.497zM79.409 25.724V18.86c0-1.102-.573-1.67-1.794-1.67-.832 0-1.553.355-1.905.817v7.718h-2.866V11.89l2.866-.143V14.2l-.037 1.424.056.034c.832-.675 1.85-.924 2.792-.924 2.367 0 3.754 1.529 3.754 4.125v6.865H79.41zM90.894 19.233c-.036-1.583-.776-2.188-1.98-2.188-1.386 0-1.922.623-2.051 2.188h4.03zm-6.934.96c0-3.431 1.571-5.44 4.937-5.44 2.866 0 4.623 1.599 4.623 5.014 0 .41-.018.925-.073 1.297h-6.529c.148 1.797 1.054 2.473 2.977 2.473a8.512 8.512 0 0 0 2.997-.533l.314 2.222c-.943.41-2.238.694-3.662.694-3.865 0-5.584-1.956-5.584-5.726zM95.296 25.724V15.018l2.293-.107.259 1.797h.055c.703-1.299 1.795-1.94 3.07-1.94.5 0 .926.072 1.221.161l-.185 2.72a4.304 4.304 0 0 0-1.22-.176c-1.498 0-2.608 1.048-2.608 2.845v5.406h-2.885z"
          />
        </g>
      </svg>
      <div
        className="c3"
      >
        <button
          className="c4"
          disabled={false}
          onClick={[Function]}
          width={null}
        >
          Buy DTH
        </button>
      </div>
    </div>
  </div>
  <div
    className="c5"
  >
    <div
      className="c6"
    >
      <div
        className="c7"
        onClick={[Function]}
      >
        <div
          className="c8"
        >
          2.456
           ETH
        </div>
        <div
          className="c9"
        >
          25634
           DTH
        </div>
        <div
          className="c10"
        >
          Your balance
        </div>
      </div>
      <button
        className="c11"
        onClick={[Function]}
      >
        <div
          className="c12"
        >
          <svg
            viewBox="0 0 29 26"
          >
            <title>
              Memories Icon
            </title>
            <path
              d="M3.39 12.953C3.64 6.273 9.133.933 15.874.933c6.9 0 12.493 5.593 12.493 12.492 0 6.9-5.593 12.493-12.493 12.493-2.904 0-5.659-.995-7.867-2.788a1.041 1.041 0 0 1 1.312-1.617 10.361 10.361 0 0 0 6.555 2.323c5.75 0 10.41-4.661 10.41-10.41 0-5.75-4.66-10.411-10.41-10.411-5.672 0-10.285 4.536-10.408 10.178l1.705-1.478a1.041 1.041 0 1 1 1.364 1.574l-3.42 2.965a1.041 1.041 0 0 1-1.419-.05L.563 13.07a1.041 1.041 0 1 1 1.472-1.472l1.355 1.355z"
              fill="#2A2B43"
              fillRule="evenodd"
            />
          </svg>
        </div>
        <div
          className="c13"
        >
          Refresh
        </div>
      </button>
    </div>
  </div>
</header>
`;
