// Jest Snapshot v1, https://goo.gl/fbAQLP

exports[`Component TermsValidation should be render without crash 1`] = `
.c0 {
  -webkit-transform: translate3d(0,0,0);
  -ms-transform: translate3d(0,0,0);
  transform: translate3d(0,0,0);
  -webkit-backface-visibility: hidden;
  backface-visibility: hidden;
  -webkit-perspective: 1000px;
  -moz-perspective: 1000px;
  -ms-perspective: 1000px;
  perspective: 1000px;
}

.c2 {
  margin-bottom: 0.4rem;
}

.c1 {
  margin-bottom: 2rem;
  line-height: 1.6em;
}

<div
  className="c0"
>
  <div
    className="c1"
  >
    <div
      className="c2"
    >
      <label
        htmlFor="terms"
      >
        <input
          checked={false}
          className="checkbox-stl"
          id="terms"
          onClick={[Function]}
          type="checkbox"
        />
        I have read and agree to the
      </label>
      Â 
      <button
        onClick={[Function]}
        style={
          Object {
            "textDecoration": "underline",
          }
        }
      >
        Terms and Conditions
      </button>
    </div>
  </div>
</div>
`;
