// Jest Snapshot v1, https://goo.gl/fbAQLP

exports[`Component IdentityCard should be render shopCard without crash 1`] = `
<div
  className="sc-fjdhpX bCqjUD"
>
  <div
    className="sc-jzJRlG iwTJuW"
  >
    <div
      className="sc-kAzzGY chxoco"
    >
      <img
        alt="profile"
        src="icon_grand_mere.svg"
        width="65"
      />
      <div
        className="sc-cSHVUG huGCJq"
      >
        <h1
          className="sc-htpNat hBugQt"
        >
          Shop Name
        </h1>
      </div>
    </div>
    <div
      className="sc-gzVnrw kjdDyw"
    >
      <h1
        className="sc-htpNat iRBdXH"
      >
        Welcome
      </h1>
      <p
        className="sc-htoDjs jQUsuP"
      >
        31 rue de Cotte 75012 Paris
      </p>
      <p
        className="sc-dnqmqq eAQBFl"
      >
        Vente d'articles cuisine et d√©co pour toute la maison.
      </p>
    </div>
  </div>
  <div
    className="sc-chPdSV cEFAOw"
  >
    <button
      className="sc-iwsKbI amyUb"
      disabled={false}
      onClick={[Function]}
    >
      Itinerary
    </button>
  </div>
</div>
`;
